// Jest Snapshot v1, https://goo.gl/fbAQLP

exports[`CartListObject has the expected html structur 1`] = `undefined`;
