// Jest Snapshot v1, https://goo.gl/fbAQLP

exports[`CompProduct.vue test if expected html structur 1`] = `undefined`;
