// Jest Snapshot v1, https://goo.gl/fbAQLP

exports[`Sidebar.vue Test If the HTML structur is right 1`] = `
<div class="sidebar">
  <h4>Produkte</h4>
  <ul>
    <li>
      <router-link id="link" to="[object Object]">Pflanzen</router-link>
    </li>
    <li>
      <router-link id="link" to="[object Object]">Tische</router-link>
    </li>
    <li>
      <router-link id="link" to="[object Object]">St체hle</router-link>
    </li>
    <li>
      <router-link id="link" to="[object Object]">Betten</router-link>
    </li>
    <li>
      <router-link id="link" to="[object Object]">Deko</router-link>
    </li>
    <li>
      <router-link id="link" to="[object Object]">Sofa/Couch</router-link>
    </li>
    <li>
      <router-link id="link" to="[object Object]">Schr채nke/Kommoden</router-link>
    </li>
  </ul><br>
  <h4>R채ume</h4>
  <ul>
    <li>
      <router-link id="link" to="[object Object]">Bad</router-link>
    </li>
    <li>
      <router-link id="link" to="[object Object]">Schlafzimmer</router-link>
    </li>
    <li>
      <router-link id="link" to="[object Object]">K체che</router-link>
    </li>
    <li>
      <router-link id="link" to="[object Object]">Wohnzimmer</router-link>
    </li>
    <li>
      <router-link id="link" to="[object Object]">Esszimmer</router-link>
    </li>
    <li>
      <router-link id="link" to="[object Object]">Arbeitszimmer</router-link>
    </li>
  </ul>
</div>
`;
